✔ normal route creates no panel or diagnostic timer and still starts wind (4.742702ms)
✔ debug parameter shows suspended Orb context while native wind is independent (2.047445ms)
✔ wind play rejection is visible even when original unlock uses allSettled (1.588275ms)
✔ resume rejection is visible without implying that the context is running (1.385906ms)
✔ graph construction error is displayed without granting a fictional route (3.159453ms)
✔ native wind transport and opt-in Orb graph are distinguished without claiming audible output (1.517296ms)
✔ running native transport with zero requested wind volume is classified separately (4.381199ms)
✔ Orb Web Audio setup failure cannot prevent native wind transport (1.356216ms)
✔ default native Orb bypasses media source graph, stays muted outside hall and reports output (2.908306ms)
✔ Web Audio Orb request alone has no authority without audioDebug=1 (1.470852ms)
✔ title forwards audioDebug only when opt-in; normal destination remains unchanged (4.663611ms)
✔ A-F: hall centre audible, perimeter fades, stairs/outside exactly zero, re-entry fades (8.437389ms)
✔ all ellipse directions and map scaling use ground coordinates; camera cannot change boundary (16.413452ms)
✔ iOS-style ignored volume writes still have exact zero output through gain + mute (2.017475ms)
✔ native wind does not depend on the Orb context; stopping it still silences Orb (1.916873ms)
✔ G: return outside hall resumes wind, stays silent and never duplicates sources (2.035766ms)
✔ seconds-based entry smoothing behaves the same at 30/60/120 fps (4.339576ms)
✔ every movement-loop branch updates audio after movement before scheduling next frame (0.725194ms)
✔ first gesture primes wind hard-muted while Orb gain remains zero (1.39532ms)
✔ native wind stays hard-muted through prologue and restarts after scripted wind stop even if volume writes are ignored (1.478835ms)
✔ normal entry plays Orb natively and hard-mutes it beyond the hall (1.988486ms)
✔ Alenon loads Route Registry before Progress Core (0.868616ms)
✔ normal Alenon entry uses Progress v1 without making legacy bypasses durable authority (0.478325ms)
✔ prologue completion is persisted only at the authored completion boundary (0.412988ms)
✔ completed resume restores existing ambience path and does not alter Orb hysteresis (0.732023ms)
✔ invalid or unsupported Progress is not rewritten by Alenon integration (0.272922ms)
✔ all real Alenon entries validate v1, boot without writes and use exact detached projections (47.880561ms)
✔ pad Continue uses authored safe ground spawn, reset and cooldown without landing audio or boarding (10.656466ms)
✔ strict readiness blocks input, triggers and prologue until collision AND decoded images settle (12.496997ms)
✔ image/decode/fetch/invalid collision/unsafe spawn failures expose retry and remain locked without rewriting bytes (55.016466ms)
✔ malformed, unsupported, unavailable, other-map and bypass-combination entries fail before gameplay (59.17169ms)
✔ incomplete Continue executes authored Devil prologue and writes only at real completion; reload suppresses replay (24.632256ms)
✔ failed dev completion persistence keeps gameplay and reports nonpersistent status with no production fallback (25.224343ms)
✔ completed intro preserves actual 118/154 hysteresis, native gesture retry and sandbox containment (9.256605ms)
✔ readiness retry recovers without changing history and registered module imports have no browser side effects (11.509202ms)
✔ real Continue input cancels on reset and repeated successful boot cannot duplicate controls or ready signals (8.22967ms)
✔ strict polygon validation rejects finite degenerate polygons instead of granting permissive readiness (0.749701ms)
✔ collision success alone and image load without completed decode cannot unlock real Continue (21.887505ms)
✔ receiver rejects valid other-map state and malformed or forged companion authority (0.380986ms)
✔ latest uploaded artwork URLs are cache-busted independently (16.552883ms)
✔ replacement islands fit completely inside the canonical scene (2.970818ms)
✔ native transparent foreground uses the canonical zero-origin scale and is drawn only once (2.273596ms)
✔ Asset Studio policy accepts only tightly scoped generated PRs (1.689319ms)
✔ Asset Studio policy requires exact CI metadata (1.447784ms)
✔ Asset Studio policy permits only WebP/JSON files below assets and never deletions (0.288202ms)
✔ Asset Studio policy requires both workflows to be completed successfully (0.222988ms)
✔ blockedAreas subtract from walkAreas including their boundary (2.09502ms)
✔ segmentClear and A* never cut through a blocked area (15.515469ms)
✔ tapping inside a blocked area projects to a nearby legal point (3.45925ms)
✔ legacy collision JSON without blockedAreas remains compatible (1.310925ms)
✔ invalid blocked areas are rejected instead of silently ignored (0.412764ms)
✔ cloud stylesheet is loaded directly and fountain CSS stays isolated (0.924735ms)
✔ Preview 46 uses one three-copy buffered cloud track (1.108285ms)
✔ cloud artwork scrolls left continuously above the celestial sky and below authored map plates (0.461609ms)
✔ cloud copies preserve supplied scale and avoid Safari mask-compositor hazards (0.263794ms)
✔ reduced motion keeps the same one-way scroll at a gentler speed (0.241489ms)
✔ Landing observes Garden return without replacing legacy companion runtime (2.700648ms)
✔ existing Journey wait fact is written before Progress observes board_pad (0.922696ms)
✔ existing Journey follow fact is written before Progress observes rejoin (0.303094ms)
✔ Progress observation never assigns companion runtime flags (0.326172ms)
✔ short tap starts navigation on release without showing the stick (62.868992ms)
✔ drag cancels immediately and cannot turn into a tap after returning to origin (6.351951ms)
✔ right 32% accepts taps but cannot activate the stick (3.790818ms)
✔ long press, cancel, second finger and right mouse button do not create routes (0.350515ms)
✔ all WASD/arrows cancel auto movement; unrelated keys do not (34.086158ms)
✔ new tap replaces the old route, including an unreachable new target (8.099942ms)
✔ stick overrides keyboard; taps never queue underneath manual inputs (0.798314ms)
✔ 15% deadzone and curved low-speed range allow precise movement (2.131541ms)
✔ route follower reaches stairs, never leaves collision, and stays still after arrival (28.447422ms)
✔ manual movement cannot tunnel into the fountain even with a stalled frame (6.358831ms)
✔ reset/blur lifecycle clears keys, gestures and route; event hooks suspend until resumed (25.593332ms)
✔ checkpoint registry cannot write production progress (2.376766ms)
✔ unreleased Star Gate has no fake healthy checkpoint (2.39761ms)
✔ normal route does not load checkpoint registry (0.46076ms)
✔ Phase 2A-5c checkpoints resolve to registered event segments (1.248283ms)
✔ Garden direct Continue bootstrap writes its real receiver after shared dependencies (3.521904ms)
✔ Garden dev bootstrap writes executable script end tags in dependency order (2.603876ms)
✔ device registry guard requires explicit verified runtime SHA when requested (0.951579ms)
✔ device registry guard separates evidence commits from verified runtime (0.331361ms)
✔ device registry guard narrowly exempts only unreferenced new asset-only PRs (0.20937ms)
✔ device registry guard accepts presentation-only asset replacements without weakening runtime gates (0.243979ms)
✔ device registry guard treats an explicitly empty diff as a no-op (0.447432ms)
✔ workflow executes device registry guard with PR body (0.176235ms)
✔ Shiopon proximity starts once, stages the opening, then joins the party (14.824716ms)
✔ Lumiere event requires Shiopon completion and updates the objective once (10.633527ms)
✔ event data combines multiline dialogue, looks, waits, steps and Shiopon bounce (1.767307ms)
✔ dialogue UI is shared, multiline and safe-area aware (3.182823ms)
✔ tap during wait or actor motion finishes only that action and playback stays ordered (1.669864ms)
✔ dialogue text preserves approved speech and relationship constraints (1.837071ms)
✔ reset during a blocking action cancels stale playback and releases interaction (1.337178ms)
✔ Star Gate contract stays unreleased (1.24616ms)
✔ machine registry does not invent locked Star Gate segments (0.264708ms)
✔ Garden Landing Continue recovery is registered as isolated working scope (0.304402ms)
✔ Garden Landing Continue checkpoints use their registered event authority (1.65324ms)
✔ event development contract is repository authority (1.232374ms)
✔ device verification registry cannot confuse CI with device PASS (0.341562ms)
✔ AI safety requires event-development repository contracts (0.561848ms)
✔ fountain water is reduced, centered and seated farther into the basin (1.615227ms)
✔ crystal is moved farther toward the rear and detached ring is disabled (0.398811ms)
✔ all always-on gate haze is removed around Lumiere (0.419073ms)
✔ fountain polish is isolated and does not modify collision or scene logic (0.283566ms)
✔ 390x844 boots with Shion + Shiopon + Lumiere, DPR cap, corrected spawn and actor sizes (94.42501ms)
✔ Garden direct Continue boots the real runtime at exact authored spawn with restored follower state (93.305816ms)
✔ failed isolated Garden transit never falls back to production Journey or navigation (84.844905ms)
✔ Lumiere replaces the old torso once and draws one cached silhouette per tick (213.294863ms)
✔ Lumiere bobs as one body while slow wing frames change independently (145.901589ms)
✔ Lumiere has solid collision while remaining fixed at the gate (513.195203ms)
✔ Garden pointer payload is accepted by the production controls contract (88.06389ms)
✔ Garden registered pointerdown handler accepts the same browser-like event directly (76.705806ms)
✔ Garden registered pointerup handler completes the accepted gesture (103.202312ms)
✔ canvas tap uses camera/zoom/element offset and does not jump the camera to the destination (530.381796ms)
✔ real drag/keyboard bindings cancel movement and production reset clears held input (183.329932ms)
✔ four directions use all four Shion walk frames then the matching idle frame (540.282281ms)
✔ pointercancel, lost capture, blur and hidden page prevent stuck movement (525.327139ms)
✔ future interaction lifecycle cancels and suspends player movement (81.009814ms)
✔ stage commands face actors, animate safe steps and expose a skip-to-end handle (117.371714ms)
✔ Shiopon bounce is visible mid-action and returns to its exact baseline (97.978363ms)
✔ desktop click uses the same input at camera zoom 1.22 (84.435731ms)
✔ preview asset configuration loads the same game and rejects invalid collision data (108.407354ms)
✔ cached arrival waits for final actor draw and two frames, without a fixed extra delay (106.906533ms)
✔ uncached sprites and delayed decode stay covered even if scene canvases are ready first (68.534991ms)
✔ late scene/canvas dependency stays covered after sprites finish (52.104234ms)
✔ image failure and JSON failure enter the existing visible error state (46.25063ms)
✔ stalled load times out and a late success cannot remove the error (90.818356ms)
✔ load-only browser fallback and rejected Safari decode with a drawable image both complete (103.783718ms)
✔ already failed image rejects immediately, and failed decode fallback propagates canvas errors (3.025515ms)
✔ normal TOUCH TO START resets durable Progress and Journey before opening the prologue (86.727718ms)
✔ New Game fails closed when durable Progress cannot be reset (65.219622ms)
✔ first-paint cover is opaque and guards the parent composite; error removes the cover (0.541018ms)
✔ real scene readiness waits for foreground polygons and image decode before painting all scene canvases (2.879408ms)
✔ real scene rejects foreground and canvas failures instead of announcing readiness (2.854318ms)
✔ PAD gate audio remains one play, fixed 1800ms transfer, 180ms fade, volume .45 (2.853185ms)
✔ Garden Progress observer remains valid JavaScript (1.180358ms)
✔ Garden loads Progress bridge without editing story ownership (0.448112ms)
✔ Garden Progress observer cannot start or suppress authored events (0.355375ms)
✔ Garden records only existing completion facts and unchanged Landing arrival (1.449018ms)
✔ Landing Continue Garden transit uses isolated Progress instead of production Progress (0.261253ms)
✔ waiting_at_landing is absent from Garden and cannot restart Shiopon meeting (0.79624ms)
✔ normal Landing to Garden refreshes session story from durable Progress (4.016816ms)
[Progress Core] { failureClass: 'save', code: 'malformed-json' }
✔ Garden direct Continue restores all three exact checkpoint projections (3.995496ms)
✔ Garden direct Continue rejects non-Garden, ambiguous, routed and malformed authority (7.608036ms)
✔ Garden direct Continue is wired into strict real Garden boot without fallback or production writes (2.557325ms)
✔ integration contract blocks unreleased Star Gate (1.023412ms)
✔ foundation preserves normal Star Gate suppression (0.567533ms)
✔ Landing Progress is observer-only and legacy replay guard stays authoritative (2.011792ms)
✔ Landing records Progress only after existing memory completion (0.701019ms)
✔ Landing observes Alenon arrival without changing authored gate transition (0.694642ms)
✔ Landing persists every real PAD departure to Alenon, not only Dev Continue (0.336799ms)
✔ Landing checkpoints are registered with frozen exact pad_ground fixtures (3.000914ms)
✔ Landing receiver projects completed history without inventing it (2.312021ms)
✔ Landing dev session reads only its remapped session key and never production Progress (0.498754ms)
✔ Landing receiver rejects wrong or ambiguous development entries (2.448855ms)
✔ Landing collision validator is strict and rejects malformed fallback candidates (1.318003ms)
✔ Landing HTML wires Continue separately from the normal arrival route (1.122182ms)
✔ authored Landing Continue actor points are exact, walkable and trigger-safe (1.258594ms)
✔ joined Shiopon placement is player-relative, ordered left then right then behind, and fail-closed (1.757001ms)
✔ Garden return picks the safe right-side Shiopon position from authored collision (2.754086ms)
✔ Landing image readiness rejects load and decode failures (6.314277ms)
✔ Landing Continue readiness guards input, loop triggers and production Journey writes (4.137523ms)
✔ Landing Continue identity survives Garden and Alenon roundtrips through the active Progress instance (7.895624ms)
✔ isolated Landing session commits Garden roundtrip and reopens at garden_entrance (2.118498ms)
✔ waiting_at_landing stays blocked until the return greeting rejoins Shiopon (4.200687ms)
✔ waiting Continue completes Landing -> Alenon -> Landing -> greeting -> Garden durable flow (2.342988ms)
✔ Garden re-entry accepts both Landing source checkpoints without replaying Shiopon (2.625544ms)
✔ waiting Shiopon is a Continue-only blocking actor (1.00363ms)
✔ PAD arrival restores following only after the automatic return dialogue (1.187153ms)
✔ waiting_at_landing runtime contract requires PAD return before greeting and rejoin (2.77446ms)
✔ locked historical Continue contracts remain represented by regression tests (9.757844ms)
✔ main lineage guard enforces current base ancestry (2.055619ms)
✔ main merge workflow executes lineage guard (0.370116ms)
BGMを再生できませんでした Error: gesture required
    at Audio.play (/workspace/tarot-breaker-game/tests/map-roundtrip.test.cjs:28:83)
    at resumeBgm (evalmachine.<anonymous>:95:30)
    at Object.startFromMovement (evalmachine.<anonymous>:141:5)
    at TestContext.<anonymous> (/workspace/tarot-breaker-game/tests/map-roundtrip.test.cjs:64:46)
    at async Test.run (node:internal/test_runner/test:1389:7)
    at async startSubtestAfterBootstrap (node:internal/test_runner/harness:387:3)
✔ BGM waits for movement, is one looping instance, retries rejection and never rewinds (18.562828ms)
✔ PAD return enters the real north path, does not replay memory or immediately leave (13.436128ms)
✔ Garden return URL alone does not complete or suppress fresh Landing memory (8.757383ms)
✔ companion farewell finishes before boarding, stays on ground during flight and rejoins on return (21.380602ms)
✔ solo boarding has no farewell; walking at the south edge cannot teleport off the island (9.848852ms)
✔ Continue tap endpoint cannot snap through waiting Shiopon collision (7.413526ms)
✔ PAD accepted pointer and keyboard gestures invoke the shared manager (4.302918ms)
✔ Alenon return bypasses prologue and spawns behind its authored PAD; title still starts prologue (12.852194ms)
✔ completed intro resume stays silent until leaving the Orb outer radius and re-entering (9.747241ms)
✔ title prologue can re-arm the Orb after its existing final walk without changing control release (3.689341ms)
✔ PAD return retains landing, dismount, and Orb suppression without an immediate reboard (3.597118ms)
✔ garden return trigger lies on the current collision path and has spawn clearance (1.841856ms)
✔ journey progress survives a new page and title reset clears only this journey (0.823608ms)
✔ garden uses real controls to return through its reachable entrance exactly once (98.248442ms)
✔ new garden arrival can turn back without triggering the first event; revisits retain completed events (129.09205ms)
✔ garden keyboard movement starts the same looping BGM without a title click (64.692987ms)
✔ merge gate requires machine and human evidence (2.580801ms)
✔ AI entry requires preflight and forbids direct main event work (0.265921ms)
✔ official JSON parses: reference size, nonempty polygons and finite coordinates (1.058837ms)
✔ invalid reference, empty areas, short polygon and NaN are rejected, not silently dropped (1.55233ms)
✔ center path, both fountain sides and upper stairs remain connected (151.09632ms)
✔ fountain is not crossed; A* and smoothing route around it (10.826964ms)
✔ flowerbed/fountain taps project to the nearest legal boundary (11.866286ms)
✔ authored east side passage stays walkable while the far map edge remains blocked (35.21114ms)
✔ a sub-pixel gap and a diagonal blocked corner cannot be jumped (7.728079ms)
✔ overlapping polygons and editor-compatible ellipse areas share continuous collision (0.592551ms)
✔ updated editor polygons rebuild navigation without changing schema (7.850903ms)
✔ sampled routes stay inside the original polygons after smoothing (1106.246662ms)
✔ v1 registry contains exactly the contracted semantic IDs and immutable metadata (3.285117ms)
✔ valid initial, landing and garden checkpoints remain independent of map event completion (1.061729ms)
✔ missing/malformed/primitive/null/future saves are read-only failures (0.571968ms)
✔ unknown map/spawn and mismatched map/spawn cannot become a checkpoint (0.362961ms)
✔ unknown events and impossible prerequisites are rejected, not repaired (0.358526ms)
✔ known event duplicates normalize only in memory; unknown events never disappear (0.279139ms)
✔ companion invariants reject false joins and impossible locations (0.270024ms)
✔ registered event completions are one-key atomic, ordered and idempotent (0.909739ms)
✔ all four events complete only at their registered map and spawn; meet joins in same record (0.870712ms)
✔ route registry accepts five exact edges; it never creates an event (1.160228ms)
✔ arrival commits checkpoint only; source and Devil memory prerequisite are enforced (1.87344ms)
✔ companion transitions require meet, approved reason and landing checkpoint (1.878616ms)
✔ Landing wait -> Alenon -> Landing -> Garden preserves Shiopon completion history (0.308195ms)
✔ failed write preserves confirmed record and reports volatile candidate separately (0.486592ms)
✔ storage read failures and unavailable storage never import legacy or crash (0.289786ms)
✔ reset writes the exact clean schema once and never deletes other keys (0.482201ms)
✔ New Game token suppresses repeats without rewinding later progress; distinct token replaces it (0.427128ms)
✔ offline New Game and subsequent event/arrival remain playable without overwriting old save (1.026343ms)
✔ legacy inspection is read-only and distinguishes absence, object, malformed, and nonobject JSON (4.292439ms)
✔ unavailable session storage and read exceptions never suppress valid Progress authority (0.792629ms)
✔ old completion fields, companion mode, and pixel coordinates never create Progress v1 (0.938646ms)
✔ valid v1 wins with absent, matching, conflicting, or malformed legacy bytes (1.202428ms)
✔ a purported valid load with a non-v1 record is rejected even through a substituted loader (0.31357ms)
✔ corrupt and future durable records cannot fall back to plausible legacy data (0.397751ms)
✔ local storage failure is distinct from legacy detection and grants no durable authority (0.577724ms)
✔ route queries and skipPrologue cannot become authority or write any progress (6.49091ms)
✔ repeated authority checks only read storage, never create, normalize, or delete either key (1.670356ms)
✔ Continue resolves every checkpoint and companion with detached frozen normalized facts, no writes (3.535275ms)
✔ Continue fails closed on status labels, invalid history/location, extra fields and legacy/URL input (0.373485ms)
✔ durable arrival and replay: pad_to_landing (3.769554ms)
✔ durable arrival and replay: gate_to_garden (4.027509ms)
✔ durable arrival and replay: garden_to_landing (3.811537ms)
✔ durable arrival and replay: pad_to_alenon (0.470993ms)
✔ issue rejects title, malformed edge, wrong source/prerequisite and incompatible companion destination (0.657397ms)
✔ claim requires exact token, destination and current independently validated durable state (3.850046ms)
✔ one live slot, TTL, invalid clocks and distinct token replacement (1.076362ms)
✔ corrupt/unreadable evidence is never automatically overwritten (1.219738ms)
✔ missing/throwing dependencies yield bounded failure without global fallback (0.641931ms)
✔ arrival waits for actual assetsReady (0.416083ms)
✔ arrival waits for actual collisionReady (0.405287ms)
✔ arrival waits for actual spawnResolved (0.68177ms)
✔ arrival waits for actual historyRestored (0.569556ms)
✔ arrival waits for actual companionPlaced (0.400367ms)
✔ arrival waits for actual arrivalSettled (0.193549ms)
✔ failed durable write retains source bytes, claimed evidence, volatile retry boundary; reload retries (0.588986ms)
✔ durable success plus receipt failure recovers exact destination without repeating arrival (0.550958ms)
✔ fresh competing durable record is rejected; stale cached snapshot needs caller refresh (0.237175ms)
✔ independent tabs cannot claim; cloned session evidence can acknowledge same logical destination (0.330905ms)
✔ committed slots can be replaced and old tokens cannot replay a different transition (0.299526ms)
✔ browser import performs no storage/clock/token/navigation operation and only explicitly approved Continue entry modules import it (16.649145ms)
✔ persisted identity history rejects stale A after recreated A/B issue and expiry cycles (0.373886ms)
✔ identity history survives claim, commit, recreated committed replacement and quota failure (0.515331ms)
✔ corrupt identity histories fail closed without rewriting any evidence (0.871181ms)
✔ Title durable status validation is read only including unsupported map/version and unavailable (3.812243ms)
✔ click reloads stale save, launches registry destination once and permits navigation failure retry (1.155201ms)
✔ receiver rejects all conflicting markers, wrong map, malformed and unreadable saves preserving bytes (0.941844ms)
[Public Continue] continue-image-failed: ./assets/maps/alenon/bg.webp
✔ real Public bootstrap restores exact spawn/history only after strict readiness; PAD production departure remains normal (25.56539ms)
[Public Continue] continue-image-decode-failed: ./assets/maps/alenon/bg.webp
[Public Continue] network
[Public Continue] public-save-changed-during-readiness
✔ real Public failure and stale-during-readiness leave input locked and Progress bytes untouched; retry works (33.097807ms)
✔ Public incomplete prologue persists via existing Production boundary; normal start reset policy and PAD return unchanged (43.617924ms)
✔ registered Public harness executes same adapter while preserving Production/Journey bytes and containing departure (30.560453ms)
✔ new controller and adapter imports perform no storage, clock, token or navigation operations (2.080035ms)
[Public Continue] public-history-not-restored
✔ Public Journey restoration preserves unrelated keys and fails closed when session writes are denied (18.566918ms)
✔ real Title UI uses the Public controller without normal-start fallback and keeps Save writes out of the UI (0.899432ms)
✔ Public adapter imports are explicitly allowlisted; editor redirect cannot precede Public query refusal (5.894144ms)
✔ actual normal title and ordinary PAD-return bootstrap preserve existing Progress bytes and reset policy (19.706067ms)
[Public Continue] network
✔ Production Continue hides the whole status panel on successful readiness while dev diagnostics remain visible (27.598956ms)
✔ Production Continue failure retains visible retry and Title controls; successful retry clears status (6.534555ms)
[Progress Core] { failureClass: 'save', code: 'companion-location-mismatch' }
✔ Garden checkpoint stays Public Continue eligible on repeated title resumes (6.074535ms)
✔ Garden Public receiver restores G1 G2 G3 authority exactly without durable writes (1.132331ms)
✔ Garden Public receiver rejects conflicts, wrong map, contradictory companion and stale saves (1.868351ms)
✔ Garden Public projection rebuilds legacy Journey and preserves unrelated keys (0.749534ms)
✔ Garden Public production wiring is strict, exact-spawn, stale-checked and receiver reload returns Title (1.407449ms)
✔ Garden Public Continue can never execute the root New Game reset branch (1.407035ms)
✔ Garden Public Continue keeps the south exit active and returns to Landing (3.023722ms)
✔ Garden Public adapter browser import is inert (2.946759ms)
✔ Title controller enables Landing and Garden durable checkpoints (3.666872ms)
✔ Landing Public receiver validates production entry read-only and restores exact projection (0.962686ms)
✔ Landing Public receiver rejects conflicting query, wrong map and stale save without writes (0.598728ms)
✔ Public history projection rebuilds session Journey and preserves unrelated keys (1.349265ms)
✔ Public history projection fails closed when session persistence cannot be verified (0.322484ms)
✔ Landing page gates input until assets, stale-save check and Journey restoration finish (3.772206ms)
✔ waiting durable state is treated as the deterministic return leg and rejoins through existing dialogue (2.381036ms)
✔ Landing Public adapter import is inert (2.653059ms)
✔ Public Continue target and segments are preflightable without claiming device verification or release (411.061539ms)
✔ unknown Public Continue targets remain blocked (46.801407ms)
✔ registering Public Continue does not bypass locked event or segment refusal (361.066598ms)
✔ runtime handoff is exact, one-shot and expires (1.916179ms)
✔ runtime-entry module import itself touches no browser state (1.482925ms)
✔ cold production map entries require handoff while dev/editor entries remain directly reachable (4.102759ms)
✔ all production cross-map exits issue one-shot handoff before navigation (4.153326ms)
✔ requireInternal redirects a cold page to Title and admits an issued page exactly once (2.374444ms)
✔ gate opening aligns with stair centre; standalone gate is mask-only and foreground uses the native zero-origin placement (3.598368ms)
✔ foot baseline is strict, local to the object and independent for each actor (1.59805ms)
✔ local physical bases remain solid for manual movement and pathfinding without editing authored areas (116.354637ms)
✔ rear actor is alpha-masked in an isolated surface; front actor draws directly (4.097744ms)
✔ scene and actors share the current camera; event FX is opt-in (2.375108ms)
✔ motion uses independent cycles; Preview 44 cloud artwork scrolls left in a buffered track (0.467504ms)
✔ Shiopon uses the original NPC as the single companion (1.719564ms)
✔ companion follows behind with a protected gap and does not block Shion (0.320717ms)
✔ companion replans a collision-safe route and accelerates when Shion gets ahead (0.762745ms)
✔ Shiopon can face Shion through the data-driven stage command (0.20953ms)
✔ race dialogue drives a real run, trip and recovery animation (0.592128ms)
✔ follow-mode draw order keeps Shiopon immediately below Shion (2.288669ms)
✔ Preview 38 mounts a dedicated far-sky plate below all moving atmosphere (1.795619ms)
✔ the farthest sky itself has no authored animation (0.403945ms)
✔ nebula and stars shimmer with only sub-percent drift (0.399812ms)
✔ sun enhancement is fixed to world geometry and uses layered bloom (0.517655ms)
✔ default cinematic calls have no effect; independent event coefficient applies once (2.917488ms)
✔ pause snapshots actual time and resume preserves mute settings and stopped state (1.617687ms)
✔ failed play remains silent without blocking visual caller; released late play cannot restart (1.276093ms)
✔ pause invalidates pending resume; white/black silence is actual native pause (1.043236ms)
✔ hung native play reports failure within bounded interval and eventual fulfillment stays paused (501.560231ms)
✔ ordinary movement unlock and native background pause retain old behavior without event ownership (1.562571ms)
✔ front coefficient and silence duration interpolate; per-frame Stage3 level cancels older fade (1.689889ms)
✔ P0 base restores independently from user mute and never overwrites preference (0.929464ms)
✔ T1/T33 exact registered asset paths and §78 dialogue strings (2.245946ms)
✔ T2/T3/T7/T8/T9/T12/T15/T16 timeline obeys formation and UI closure timing (8.477453ms)
✔ T18 crossfade is included and scale continues after opacity reaches one (1.979178ms)
✔ T13/T14/T17/T29 restoration under independent covers precedes dialogue/control (1.516189ms)
✔ T26 envelope values interpolate and audio pause/resume brackets covered restoration (3.286942ms)
✔ T22 preparation and covered restoration exceptions propagate without control return (3.238417ms)
✔ T30 restoration deadline is separate from minimum and rejects unresolved work (2.61952ms)
✔ T23 cancellation prevents sequence actions and reaction/control after abort (4.649325ms)
✔ createClock abort cancels queued RAF and rejects with no late tween samples (1.033755ms)
✔ T23/T30 timed-out restoration token expires and late fulfillment cannot draw (1.947171ms)
✔ T23 aborted covered restore expires token and suppresses a later draw (2.857025ms)
✔ active tween excludes hidden wall time and dispose removes visibility observer (2.21227ms)
✔ T30 recovery deadline counts active execution only across hidden interval (3.438499ms)
✔ official collision v6 preserves the seventeen authored walk areas (1.96479ms)
✔ spawn, Shiopon and the Lumiere gate approach stay walkable (1.29414ms)
✔ fountain, flowerbeds and far map edges remain blocked (1.817707ms)
✔ the intended paved route remains connected from spawn to the Star Gate (84.265017ms)
✔ Title markup uses Japanese-first world-design labels and no legacy TOUCH TO START (2.103558ms)
✔ Title menu renders generated frame artwork without CSS-built symbols (1.135109ms)
✔ NO_SAVE shows only 物語をはじめる / BEGIN and allows the existing New Game handler (4.025993ms)
✔ CONTINUE_AVAILABLE shows Continue first and requires confirmation before New Game (2.842261ms)
✔ valid Continue still launches through the existing Public Continue controller (1.868327ms)
✔ invalid save is not auto-reset; it exposes RETRY and a confirmed New Game path (1.446211ms)
✔ verified gameplay contract registry exists and forbids weakening active contracts (1.609302ms)
✔ VGC-001: unfinished Star Gate interaction is absent from normal main route (0.379894ms)
✔ VGC-001 records the explicit completion gate before Star Gate UI can be enabled (0.884952ms)
✔ AI safety requires causal regression analysis and preserves verified assertions (2.819963ms)
✔ Verified contracts cannot be omitted from CI workflow (0.199393ms)
✔ VGC-002: Alenon prologue keeps the Devil card baseline (2.739314ms)
✔ VGC-003: Alenon keeps ORB interaction/anomaly implementation markers (1.302335ms)
✔ VGC-004: Landing Devil memory remains one-time and Progress-observed (1.348416ms)
✔ VGC-005: Landing preserves Shiopon return state and greeting guard (2.331097ms)
✔ VGC-006: Garden Progress remains observer-only for Shiopon and Lumiere (0.565484ms)
✔ VGC-007: Progress validates verified route prerequisites instead of owning them (0.745694ms)
ℹ tests 347
ℹ suites 0
ℹ pass 347
ℹ fail 0
ℹ cancelled 0
ℹ skipped 0
ℹ todo 0
ℹ duration_ms 12520.535504
