✔ normal route creates no panel or diagnostic timer and still starts wind (5.901252ms)
✔ debug parameter shows suspended Orb context while native wind is independent (3.067157ms)
✔ wind play rejection is visible even when original unlock uses allSettled (1.828732ms)
✔ resume rejection is visible without implying that the context is running (3.288051ms)
✔ graph construction error is displayed without granting a fictional route (10.424457ms)
✔ native wind transport and opt-in Orb graph are distinguished without claiming audible output (2.633066ms)
✔ running native transport with zero requested wind volume is classified separately (4.17269ms)
✔ Orb Web Audio setup failure cannot prevent native wind transport (1.933594ms)
✔ default native Orb bypasses media source graph, stays muted outside hall and reports output (2.066892ms)
✔ Web Audio Orb request alone has no authority without audioDebug=1 (2.905977ms)
✔ title forwards audioDebug only when opt-in; normal destination remains unchanged (5.136764ms)
✔ A-F: hall centre audible, perimeter fades, stairs/outside exactly zero, re-entry fades (11.027759ms)
✔ all ellipse directions and map scaling use ground coordinates; camera cannot change boundary (20.977184ms)
✔ iOS-style ignored volume writes still have exact zero output through gain + mute (2.008508ms)
✔ native wind does not depend on the Orb context; stopping it still silences Orb (2.571382ms)
✔ G: return outside hall resumes wind, stays silent and never duplicates sources (2.202469ms)
✔ seconds-based entry smoothing behaves the same at 30/60/120 fps (4.60341ms)
✔ every movement-loop branch updates audio after movement before scheduling next frame (0.996955ms)
✔ first gesture primes wind hard-muted while Orb gain remains zero (2.757199ms)
✔ native wind stays hard-muted through prologue and restarts after scripted wind stop even if volume writes are ignored (1.4669ms)
✔ normal entry plays Orb natively and hard-mutes it beyond the hall (1.756964ms)
✔ Alenon loads Route Registry before Progress Core (1.377309ms)
✔ normal Alenon entry uses Progress v1 without making legacy bypasses durable authority (1.275593ms)
✔ prologue completion is persisted only at the authored completion boundary (0.435858ms)
✔ completed resume restores existing ambience path and does not alter Orb hysteresis (1.124979ms)
✔ invalid or unsupported Progress is not rewritten by Alenon integration (0.436684ms)
✔ all real Alenon entries validate v1, boot without writes and use exact detached projections (59.134102ms)
✔ pad Continue uses authored safe ground spawn, reset and cooldown without landing audio or boarding (11.538213ms)
✔ strict readiness blocks input, triggers and prologue until collision AND decoded images settle (12.922574ms)
✔ image/decode/fetch/invalid collision/unsafe spawn failures expose retry and remain locked without rewriting bytes (45.728095ms)
✔ malformed, unsupported, unavailable, other-map and bypass-combination entries fail before gameplay (76.971585ms)
✔ incomplete Continue executes authored Devil prologue and writes only at real completion; reload suppresses replay (33.372506ms)
✔ failed dev completion persistence keeps gameplay and reports nonpersistent status with no production fallback (34.586727ms)
✔ completed intro preserves actual 118/154 hysteresis, native gesture retry and sandbox containment (11.072388ms)
✔ readiness retry recovers without changing history and registered module imports have no browser side effects (12.317079ms)
✔ real Continue input cancels on reset and repeated successful boot cannot duplicate controls or ready signals (8.867471ms)
✔ strict polygon validation rejects finite degenerate polygons instead of granting permissive readiness (0.786952ms)
✔ collision success alone and image load without completed decode cannot unlock real Continue (21.661359ms)
✔ receiver rejects valid other-map state and malformed or forged companion authority (0.477646ms)
✔ latest uploaded artwork URLs are cache-busted independently (2.859308ms)
✔ replacement islands fit completely inside the canonical scene (2.273677ms)
✔ native transparent foreground uses the canonical zero-origin scale and is drawn only once (6.67517ms)
✔ Asset Studio policy accepts only tightly scoped generated PRs (1.252985ms)
✔ Asset Studio policy requires exact CI metadata (0.351731ms)
✔ Asset Studio policy permits only WebP/JSON files below assets and never deletions (0.291063ms)
✔ Asset Studio policy requires both workflows to be completed successfully (0.268375ms)
✔ blockedAreas subtract from walkAreas including their boundary (1.997228ms)
✔ segmentClear and A* never cut through a blocked area (14.496479ms)
✔ tapping inside a blocked area projects to a nearby legal point (10.27091ms)
✔ legacy collision JSON without blockedAreas remains compatible (2.356796ms)
✔ invalid blocked areas are rejected instead of silently ignored (1.199103ms)
✔ cloud stylesheet is loaded directly and fountain CSS stays isolated (1.200519ms)
✔ Preview 46 uses one three-copy buffered cloud track (1.844089ms)
✔ cloud artwork scrolls left continuously above the celestial sky and below authored map plates (0.565127ms)
✔ cloud copies preserve supplied scale and avoid Safari mask-compositor hazards (0.418576ms)
✔ reduced motion keeps the same one-way scroll at a gentler speed (0.230458ms)
✔ Landing observes Garden return without replacing legacy companion runtime (2.776367ms)
✔ existing Journey wait fact is written before Progress observes board_pad (2.368391ms)
✔ existing Journey follow fact is written before Progress observes rejoin (0.235275ms)
✔ Progress observation never assigns companion runtime flags (1.181897ms)
✔ short tap starts navigation on release without showing the stick (227.447334ms)
✔ drag cancels immediately and cannot turn into a tap after returning to origin (5.276183ms)
✔ right 32% accepts taps but cannot activate the stick (6.023359ms)
✔ long press, cancel, second finger and right mouse button do not create routes (0.433062ms)
✔ all WASD/arrows cancel auto movement; unrelated keys do not (51.103612ms)
✔ new tap replaces the old route, including an unreachable new target (7.436168ms)
✔ stick overrides keyboard; taps never queue underneath manual inputs (1.677852ms)
✔ 15% deadzone and curved low-speed range allow precise movement (0.865818ms)
✔ route follower reaches stairs, never leaves collision, and stays still after arrival (32.678258ms)
✔ manual movement cannot tunnel into the fountain even with a stalled frame (6.687645ms)
✔ reset/blur lifecycle clears keys, gestures and route; event hooks suspend until resumed (18.179822ms)
✔ checkpoint registry cannot write production progress (1.051506ms)
✔ unreleased Star Gate has no fake healthy checkpoint (1.64939ms)
✔ normal route does not load checkpoint registry (0.263422ms)
✔ Phase 2A-5c checkpoints resolve to registered event segments (0.57191ms)
✔ Garden direct Continue bootstrap writes its real receiver after shared dependencies (2.362934ms)
✔ Garden dev bootstrap writes executable script end tags in dependency order (1.061796ms)
✔ device registry guard requires explicit verified runtime SHA when requested (1.486865ms)
✔ device registry guard separates evidence commits from verified runtime (0.453078ms)
✔ device registry guard narrowly exempts only unreferenced new asset-only PRs (0.870112ms)
✔ device registry guard accepts presentation-only asset replacements without weakening runtime gates (0.249245ms)
✔ device registry guard treats an explicitly empty diff as a no-op (0.204619ms)
✔ workflow executes device registry guard with PR body (0.21856ms)
✔ Shiopon proximity starts once, stages the opening, then joins the party (19.381856ms)
✔ Lumiere event requires Shiopon completion and updates the objective once (17.7716ms)
✔ event data combines multiline dialogue, looks, waits, steps and Shiopon bounce (3.188221ms)
✔ dialogue UI is shared, multiline and safe-area aware (4.988342ms)
✔ tap during wait or actor motion finishes only that action and playback stays ordered (2.450359ms)
✔ dialogue text preserves approved speech and relationship constraints (8.077944ms)
✔ reset during a blocking action cancels stale playback and releases interaction (5.801644ms)
✔ Star Gate contract stays unreleased (1.373299ms)
✔ machine registry does not invent locked Star Gate segments (0.270445ms)
✔ Garden Landing Continue recovery is registered as isolated working scope (0.306117ms)
✔ Garden Landing Continue checkpoints use their registered event authority (1.501556ms)
✔ event development contract is repository authority (1.216906ms)
✔ device verification registry cannot confuse CI with device PASS (0.327996ms)
✔ AI safety requires event-development repository contracts (0.275001ms)
✔ fountain water is reduced, centered and seated farther into the basin (1.343698ms)
✔ crystal is moved farther toward the rear and detached ring is disabled (0.556842ms)
✔ all always-on gate haze is removed around Lumiere (0.264863ms)
✔ fountain polish is isolated and does not modify collision or scene logic (0.365473ms)
✔ 390x844 boots with Shion + Shiopon + Lumiere, DPR cap, corrected spawn and actor sizes (138.440167ms)
✔ Garden direct Continue boots the real runtime at exact authored spawn with restored follower state (112.648988ms)
✔ failed isolated Garden transit never falls back to production Journey or navigation (167.521502ms)
✔ Lumiere replaces the old torso once and draws one cached silhouette per tick (238.871019ms)
✔ Lumiere bobs as one body while slow wing frames change independently (143.132074ms)
✔ Lumiere has solid collision while remaining fixed at the gate (360.158234ms)
✔ Garden pointer payload is accepted by the production controls contract (93.085095ms)
✔ Garden registered pointerdown handler accepts the same browser-like event directly (84.548463ms)
✔ Garden registered pointerup handler completes the accepted gesture (71.671874ms)
✔ canvas tap uses camera/zoom/element offset and does not jump the camera to the destination (890.136656ms)
✔ real drag/keyboard bindings cancel movement and production reset clears held input (240.683413ms)
✔ four directions use all four Shion walk frames then the matching idle frame (506.775622ms)
✔ pointercancel, lost capture, blur and hidden page prevent stuck movement (488.207657ms)
✔ future interaction lifecycle cancels and suspends player movement (118.673682ms)
✔ stage commands face actors, animate safe steps and expose a skip-to-end handle (101.671911ms)
✔ Shiopon bounce is visible mid-action and returns to its exact baseline (90.161823ms)
✔ desktop click uses the same input at camera zoom 1.22 (86.453495ms)
✔ preview asset configuration loads the same game and rejects invalid collision data (129.153408ms)
✔ cached arrival waits for final actor draw and two frames, without a fixed extra delay (89.57178ms)
✔ uncached sprites and delayed decode stay covered even if scene canvases are ready first (75.435719ms)
✔ late scene/canvas dependency stays covered after sprites finish (51.172278ms)
✔ image failure and JSON failure enter the existing visible error state (63.038298ms)
✔ stalled load times out and a late success cannot remove the error (237.893298ms)
✔ load-only browser fallback and rejected Safari decode with a drawable image both complete (99.7584ms)
✔ already failed image rejects immediately, and failed decode fallback propagates canvas errors (1.952516ms)
✔ normal TOUCH TO START resets durable Progress and Journey before opening the prologue (48.029158ms)
✔ New Game fails closed when durable Progress cannot be reset (53.02528ms)
✔ first-paint cover is opaque and guards the parent composite; error removes the cover (0.715738ms)
✔ real scene readiness waits for foreground polygons and image decode before painting all scene canvases (3.432523ms)
✔ real scene rejects foreground and canvas failures instead of announcing readiness (2.153032ms)
✔ PAD gate audio remains one play, fixed 1800ms transfer, 180ms fade, volume .45 (2.870995ms)
✔ Garden Progress observer remains valid JavaScript (1.176083ms)
✔ Garden loads Progress bridge without editing story ownership (0.582842ms)
✔ Garden Progress observer cannot start or suppress authored events (0.387026ms)
✔ Garden records only existing completion facts and unchanged Landing arrival (0.145719ms)
✔ Landing Continue Garden transit uses isolated Progress instead of production Progress (0.283872ms)
✔ waiting_at_landing is absent from Garden and cannot restart Shiopon meeting (0.841084ms)
✔ normal Landing to Garden refreshes session story from durable Progress (2.920561ms)
[Progress Core] { failureClass: 'save', code: 'malformed-json' }
✔ Garden direct Continue restores all three exact checkpoint projections (3.512105ms)
✔ Garden direct Continue rejects non-Garden, ambiguous, routed and malformed authority (3.799592ms)
✔ Garden direct Continue is wired into strict real Garden boot without fallback or production writes (2.82284ms)
✔ integration contract blocks unreleased Star Gate (3.332578ms)
✔ foundation preserves normal Star Gate suppression (0.321794ms)
✔ Landing Progress is observer-only and legacy replay guard stays authoritative (1.887605ms)
✔ Landing records Progress only after existing memory completion (0.478739ms)
✔ Landing observes Alenon arrival without changing authored gate transition (0.524079ms)
✔ Landing persists every real PAD departure to Alenon, not only Dev Continue (0.255466ms)
✔ Landing checkpoints are registered with frozen exact pad_ground fixtures (11.542468ms)
✔ Landing receiver projects completed history without inventing it (3.125538ms)
✔ Landing dev session reads only its remapped session key and never production Progress (1.487885ms)
✔ Landing receiver rejects wrong or ambiguous development entries (1.52194ms)
✔ Landing collision validator is strict and rejects malformed fallback candidates (2.342953ms)
✔ Landing HTML wires Continue separately from the normal arrival route (10.745819ms)
✔ authored Landing Continue actor points are exact, walkable and trigger-safe (0.51971ms)
✔ joined Shiopon placement is player-relative, ordered left then right then behind, and fail-closed (0.425681ms)
✔ Garden return picks the safe right-side Shiopon position from authored collision (2.223051ms)
✔ Landing image readiness rejects load and decode failures (5.968096ms)
✔ Landing Continue readiness guards input, loop triggers and production Journey writes (5.341145ms)
✔ Landing Continue identity survives Garden and Alenon roundtrips through the active Progress instance (5.014727ms)
✔ isolated Landing session commits Garden roundtrip and reopens at garden_entrance (6.91039ms)
✔ waiting_at_landing stays blocked until the return greeting rejoins Shiopon (6.034684ms)
✔ waiting Continue completes Landing -> Alenon -> Landing -> greeting -> Garden durable flow (2.384561ms)
✔ Garden re-entry accepts both Landing source checkpoints without replaying Shiopon (0.578943ms)
✔ waiting Shiopon is a Continue-only blocking actor (1.13422ms)
✔ PAD arrival restores following only after the automatic return dialogue (3.150724ms)
✔ waiting_at_landing runtime contract requires PAD return before greeting and rejoin (1.070413ms)
✔ locked historical Continue contracts remain represented by regression tests (3.454406ms)
✔ main lineage guard enforces current base ancestry (4.027388ms)
✔ main merge workflow executes lineage guard (0.366658ms)
BGMを再生できませんでした Error: gesture required
    at Audio.play (/workspace/stargate-main/tests/map-roundtrip.test.cjs:28:83)
    at resumeBgm (evalmachine.<anonymous>:95:30)
    at Object.startFromMovement (evalmachine.<anonymous>:141:5)
    at TestContext.<anonymous> (/workspace/stargate-main/tests/map-roundtrip.test.cjs:64:46)
    at async Test.run (node:internal/test_runner/test:1389:7)
    at async startSubtestAfterBootstrap (node:internal/test_runner/harness:387:3)
✔ BGM waits for movement, is one looping instance, retries rejection and never rewinds (23.342095ms)
✔ PAD return enters the real north path, does not replay memory or immediately leave (31.112864ms)
✔ Garden return URL alone does not complete or suppress fresh Landing memory (11.229863ms)
✔ companion farewell finishes before boarding, stays on ground during flight and rejoins on return (69.099303ms)
✔ solo boarding has no farewell; walking at the south edge cannot teleport off the island (147.318762ms)
✔ Continue tap endpoint cannot snap through waiting Shiopon collision (20.455772ms)
✔ PAD accepted pointer and keyboard gestures invoke the shared manager (20.90686ms)
✔ Alenon return bypasses prologue and spawns behind its authored PAD; title still starts prologue (27.357887ms)
✔ completed intro resume stays silent until leaving the Orb outer radius and re-entering (19.918932ms)
✔ title prologue can re-arm the Orb after its existing final walk without changing control release (68.806267ms)
✔ PAD return retains landing, dismount, and Orb suppression without an immediate reboard (14.067398ms)
✔ garden return trigger lies on the current collision path and has spawn clearance (4.875926ms)
✔ journey progress survives a new page and title reset clears only this journey (1.590766ms)
✔ garden uses real controls to return through its reachable entrance exactly once (76.469905ms)
✔ new garden arrival can turn back without triggering the first event; revisits retain completed events (179.115067ms)
✔ garden keyboard movement starts the same looping BGM without a title click (69.194809ms)
✔ merge gate requires machine and human evidence (2.694182ms)
✔ AI entry requires preflight and forbids direct main event work (0.270088ms)
✔ official JSON parses: reference size, nonempty polygons and finite coordinates (1.766965ms)
✔ invalid reference, empty areas, short polygon and NaN are rejected, not silently dropped (2.119011ms)
✔ center path, both fountain sides and upper stairs remain connected (188.982652ms)
✔ fountain is not crossed; A* and smoothing route around it (10.604978ms)
✔ flowerbed/fountain taps project to the nearest legal boundary (25.112776ms)
✔ authored east side passage stays walkable while the far map edge remains blocked (91.79982ms)
✔ a sub-pixel gap and a diagonal blocked corner cannot be jumped (25.950223ms)
✔ overlapping polygons and editor-compatible ellipse areas share continuous collision (0.859878ms)
✔ updated editor polygons rebuild navigation without changing schema (40.627189ms)
✔ sampled routes stay inside the original polygons after smoothing (1569.76388ms)
✔ v1 registry contains exactly the contracted semantic IDs and immutable metadata (3.621127ms)
✔ valid initial, landing and garden checkpoints remain independent of map event completion (1.509496ms)
✔ missing/malformed/primitive/null/future saves are read-only failures (3.188382ms)
✔ unknown map/spawn and mismatched map/spawn cannot become a checkpoint (0.650965ms)
✔ unknown events and impossible prerequisites are rejected, not repaired (0.316139ms)
✔ known event duplicates normalize only in memory; unknown events never disappear (0.508013ms)
✔ companion invariants reject false joins and impossible locations (1.111356ms)
✔ registered event completions are one-key atomic, ordered and idempotent (3.61774ms)
✔ all four events complete only at their registered map and spawn; meet joins in same record (2.091374ms)
✔ route registry accepts five exact edges; it never creates an event (0.873204ms)
✔ arrival commits checkpoint only; source and Devil memory prerequisite are enforced (2.698511ms)
✔ companion transitions require meet, approved reason and landing checkpoint (1.552973ms)
✔ Landing wait -> Alenon -> Landing -> Garden preserves Shiopon completion history (0.445105ms)
✔ failed write preserves confirmed record and reports volatile candidate separately (0.478877ms)
✔ storage read failures and unavailable storage never import legacy or crash (0.3346ms)
✔ reset writes the exact clean schema once and never deletes other keys (0.387697ms)
✔ New Game token suppresses repeats without rewinding later progress; distinct token replaces it (0.455072ms)
✔ offline New Game and subsequent event/arrival remain playable without overwriting old save (0.759351ms)
✔ legacy inspection is read-only and distinguishes absence, object, malformed, and nonobject JSON (4.835337ms)
✔ unavailable session storage and read exceptions never suppress valid Progress authority (1.234017ms)
✔ old completion fields, companion mode, and pixel coordinates never create Progress v1 (0.590122ms)
✔ valid v1 wins with absent, matching, conflicting, or malformed legacy bytes (0.692693ms)
✔ a purported valid load with a non-v1 record is rejected even through a substituted loader (0.239054ms)
✔ corrupt and future durable records cannot fall back to plausible legacy data (0.507964ms)
✔ local storage failure is distinct from legacy detection and grants no durable authority (0.264758ms)
✔ route queries and skipPrologue cannot become authority or write any progress (6.649501ms)
✔ repeated authority checks only read storage, never create, normalize, or delete either key (0.289912ms)
✔ Continue resolves every checkpoint and companion with detached frozen normalized facts, no writes (5.68812ms)
✔ Continue fails closed on status labels, invalid history/location, extra fields and legacy/URL input (1.725562ms)
✔ durable arrival and replay: pad_to_landing (7.563383ms)
✔ durable arrival and replay: gate_to_garden (4.200617ms)
✔ durable arrival and replay: garden_to_landing (1.053062ms)
✔ durable arrival and replay: pad_to_alenon (2.828419ms)
✔ issue rejects title, malformed edge, wrong source/prerequisite and incompatible companion destination (0.69252ms)
✔ claim requires exact token, destination and current independently validated durable state (1.034037ms)
✔ one live slot, TTL, invalid clocks and distinct token replacement (2.777458ms)
✔ corrupt/unreadable evidence is never automatically overwritten (1.899268ms)
✔ missing/throwing dependencies yield bounded failure without global fallback (1.033136ms)
✔ arrival waits for actual assetsReady (0.558445ms)
✔ arrival waits for actual collisionReady (0.472481ms)
✔ arrival waits for actual spawnResolved (0.294953ms)
✔ arrival waits for actual historyRestored (0.265899ms)
✔ arrival waits for actual companionPlaced (0.536728ms)
✔ arrival waits for actual arrivalSettled (0.446562ms)
✔ failed durable write retains source bytes, claimed evidence, volatile retry boundary; reload retries (1.179238ms)
✔ durable success plus receipt failure recovers exact destination without repeating arrival (0.443154ms)
✔ fresh competing durable record is rejected; stale cached snapshot needs caller refresh (0.318949ms)
✔ independent tabs cannot claim; cloned session evidence can acknowledge same logical destination (0.280524ms)
✔ committed slots can be replaced and old tokens cannot replay a different transition (0.754611ms)
✔ browser import performs no storage/clock/token/navigation operation and only explicitly approved Continue entry modules import it (8.740543ms)
✔ persisted identity history rejects stale A after recreated A/B issue and expiry cycles (2.70482ms)
✔ identity history survives claim, commit, recreated committed replacement and quota failure (0.419949ms)
✔ corrupt identity histories fail closed without rewriting any evidence (0.78488ms)
✔ Title durable status validation is read only including unsupported map/version and unavailable (3.698321ms)
✔ click reloads stale save, launches registry destination once and permits navigation failure retry (1.593197ms)
✔ receiver rejects all conflicting markers, wrong map, malformed and unreadable saves preserving bytes (3.221836ms)
✔ real Public bootstrap restores exact spawn/history only after strict readiness; PAD production departure remains normal (27.4752ms)
[Public Continue] continue-image-failed: ./assets/maps/alenon/bg.webp
[Public Continue] continue-image-decode-failed: ./assets/maps/alenon/bg.webp
[Public Continue] network
[Public Continue] public-save-changed-during-readiness
✔ real Public failure and stale-during-readiness leave input locked and Progress bytes untouched; retry works (61.006474ms)
✔ Public incomplete prologue persists via existing Production boundary; normal start reset policy and PAD return unchanged (99.851235ms)
✔ registered Public harness executes same adapter while preserving Production/Journey bytes and containing departure (38.453512ms)
✔ new controller and adapter imports perform no storage, clock, token or navigation operations (2.95703ms)
[Public Continue] public-history-not-restored
✔ Public Journey restoration preserves unrelated keys and fails closed when session writes are denied (38.424333ms)
✔ real Title UI uses the Public controller without normal-start fallback and keeps Save writes out of the UI (1.009173ms)
✔ Public adapter imports are explicitly allowlisted; editor redirect cannot precede Public query refusal (11.575159ms)
✔ actual normal title and ordinary PAD-return bootstrap preserve existing Progress bytes and reset policy (31.83399ms)
✔ Production Continue hides the whole status panel on successful readiness while dev diagnostics remain visible (47.039934ms)
[Public Continue] network
✔ Production Continue failure retains visible retry and Title controls; successful retry clears status (8.628004ms)
[Progress Core] { failureClass: 'save', code: 'companion-location-mismatch' }
✔ Garden checkpoint stays Public Continue eligible on repeated title resumes (6.026696ms)
✔ Garden Public receiver restores G1 G2 G3 authority exactly without durable writes (0.52572ms)
✔ Garden Public receiver rejects conflicts, wrong map, contradictory companion and stale saves (2.167775ms)
✔ Garden Public projection rebuilds legacy Journey and preserves unrelated keys (0.658298ms)
✔ Garden Public production wiring is strict, exact-spawn, stale-checked and receiver reload returns Title (1.615663ms)
✔ Garden Public Continue can never execute the root New Game reset branch (0.786477ms)
✔ Garden Public Continue keeps the south exit active and returns to Landing (2.485399ms)
✔ Garden Public adapter browser import is inert (3.176174ms)
✔ Title controller enables Landing and Garden durable checkpoints (4.43098ms)
✔ Landing Public receiver validates production entry read-only and restores exact projection (0.805285ms)
✔ Landing Public receiver rejects conflicting query, wrong map and stale save without writes (1.139126ms)
✔ Public history projection rebuilds session Journey and preserves unrelated keys (1.182281ms)
✔ Public history projection fails closed when session persistence cannot be verified (0.558879ms)
✔ Landing page gates input until assets, stale-save check and Journey restoration finish (1.509955ms)
✔ waiting durable state is treated as the deterministic return leg and rejoins through existing dialogue (1.38606ms)
✔ Landing Public adapter import is inert (2.829883ms)
✔ Public Continue target and segments are preflightable without claiming device verification or release (767.796207ms)
✔ unknown Public Continue targets remain blocked (66.338661ms)
✔ registering Public Continue does not bypass locked event or segment refusal (755.364842ms)
✔ runtime handoff is exact, one-shot and expires (1.93313ms)
✔ runtime-entry module import itself touches no browser state (1.534866ms)
✔ cold production map entries require handoff while dev/editor entries remain directly reachable (9.963832ms)
✔ all production cross-map exits issue one-shot handoff before navigation (20.911186ms)
✔ requireInternal redirects a cold page to Title and admits an issued page exactly once (6.027427ms)
✔ gate opening aligns with stair centre; standalone gate is mask-only and foreground uses the native zero-origin placement (4.88924ms)
✔ foot baseline is strict, local to the object and independent for each actor (0.99293ms)
✔ local physical bases remain solid for manual movement and pathfinding without editing authored areas (205.083601ms)
✔ rear actor is alpha-masked in an isolated surface; front actor draws directly (5.179084ms)
✔ scene and actors share the current camera; event FX is opt-in (3.624872ms)
✔ motion uses independent cycles; Preview 44 cloud artwork scrolls left in a buffered track (1.459489ms)
✔ Shiopon uses the original NPC as the single companion (4.352232ms)
✔ companion follows behind with a protected gap and does not block Shion (2.052318ms)
✔ companion replans a collision-safe route and accelerates when Shion gets ahead (1.590376ms)
✔ Shiopon can face Shion through the data-driven stage command (0.694315ms)
✔ race dialogue drives a real run, trip and recovery animation (0.350895ms)
✔ follow-mode draw order keeps Shiopon immediately below Shion (0.188831ms)
✔ Preview 38 mounts a dedicated far-sky plate below all moving atmosphere (2.294879ms)
✔ the farthest sky itself has no authored animation (0.49079ms)
✔ nebula and stars shimmer with only sub-percent drift (0.270801ms)
✔ sun enhancement is fixed to world geometry and uses layered bloom (0.437795ms)
✔ official collision v6 preserves the seventeen authored walk areas (12.048594ms)
✔ spawn, Shiopon and the Lumiere gate approach stay walkable (1.121216ms)
✔ fountain, flowerbeds and far map edges remain blocked (1.743698ms)
✔ the intended paved route remains connected from spawn to the Star Gate (223.952185ms)
✔ Title markup uses Japanese-first world-design labels and no legacy TOUCH TO START (2.600433ms)
✔ Title menu renders generated frame artwork without CSS-built symbols (3.039855ms)
✔ NO_SAVE shows only 物語をはじめる / BEGIN and allows the existing New Game handler (4.76849ms)
✔ CONTINUE_AVAILABLE shows Continue first and requires confirmation before New Game (2.818405ms)
✔ valid Continue still launches through the existing Public Continue controller (2.278079ms)
✔ invalid save is not auto-reset; it exposes RETRY and a confirmed New Game path (0.867073ms)
✔ verified gameplay contract registry exists and forbids weakening active contracts (1.29663ms)
✔ VGC-001: unfinished Star Gate interaction is absent from normal main route (0.803348ms)
✔ VGC-001 records the explicit completion gate before Star Gate UI can be enabled (0.468408ms)
✔ AI safety requires causal regression analysis and preserves verified assertions (2.473277ms)
✔ Verified contracts cannot be omitted from CI workflow (0.259976ms)
✔ VGC-002: Alenon prologue keeps the Devil card baseline (3.241695ms)
✔ VGC-003: Alenon keeps ORB interaction/anomaly implementation markers (1.362679ms)
✔ VGC-004: Landing Devil memory remains one-time and Progress-observed (0.866249ms)
✔ VGC-005: Landing preserves Shiopon return state and greeting guard (2.407895ms)
✔ VGC-006: Garden Progress remains observer-only for Shiopon and Lumiere (0.649388ms)
✔ VGC-007: Progress validates verified route prerequisites instead of owning them (0.734563ms)
ℹ tests 326
ℹ suites 0
ℹ pass 326
ℹ fail 0
ℹ cancelled 0
ℹ skipped 0
ℹ todo 0
ℹ duration_ms 15826.4796
